
R version 4.2.2 (2022-10-31 ucrt) -- "Innocent and Trusting"
Copyright (C) 2022 The R Foundation for Statistical Computing
Platform: x86_64-w64-mingw32/x64 (64-bit)

R is free software and comes with ABSOLUTELY NO WARRANTY.
You are welcome to redistribute it under certain conditions.
Type 'license()' or 'licence()' for distribution details.

R is a collaborative project with many contributors.
Type 'contributors()' for more information and
'citation()' on how to cite R or R packages in publications.

Type 'demo()' for some demos, 'help()' for on-line help, or
'help.start()' for an HTML browser interface to help.
Type 'q()' to quit R.

> library(testthat)
> library(report)
> 
> is_dev_version <- length(strsplit(packageDescription("report")$Version, "\\.")[[1]]) > 3
> 
> if (is_dev_version) {
+   Sys.setenv("RunAllreportTests" = "yes")
+ } else {
+   Sys.setenv("RunAllreportTests" = "no")
+ }
> 
> si <- Sys.info()
> 
> osx <- tryCatch(
+   {
+     if (!is.null(si["sysname"])) {
+       si["sysname"] == "Darwin" || grepl("^darwin", R.version$os)
+     } else {
+       FALSE
+     }
+   },
+   error = function(e) {
+     FALSE
+   }
+ )
> 
> solaris <- tryCatch(
+   {
+     if (!is.null(si["sysname"])) {
+       grepl("SunOS", si["sysname"], ignore.case = TRUE)
+     } else {
+       FALSE
+     }
+   },
+   error = function(e) {
+     FALSE
+   }
+ )
> 
> # disable / enable if needed
> if (.Platform$OS.type == "unix" && is_dev_version) {
+   Sys.setenv("RunAllreportStanTests" = "yes")
+ } else {
+   Sys.setenv("RunAllreportStanTests" = "no")
+ }
> 
> if (!osx && !solaris) {
+   test_check("report")
+ }
Loading required package: lme4
Loading required package: Matrix
Loading required package: rstanarm
Loading required package: Rcpp
This is rstanarm version 2.21.3
- See https://mc-stan.org/rstanarm/articles/priors for changes to default priors!
- Default priors may change, so it's safest to specify priors, even if equivalent to the defaults.
- For execution on a local, multicore CPU with excess RAM we recommend calling
  options(mc.cores = parallel::detectCores())
Loading required package: bayestestR
Loading required package: ivreg
Loading required package: lavaan
This is lavaan 0.6-13
lavaan is FREE software! Please report any bugs.
Loading required package: effectsize
boundary (singular) fit: see help('isSingular')
Loading required package: survival
[ FAIL 0 | WARN 11 | SKIP 13 | PASS 86 ]

══ Skipped tests ═══════════════════════════════════════════════════════════════
• On CRAN (11)
• getRversion() <= "4.2.1" is not TRUE (2)

[ FAIL 0 | WARN 11 | SKIP 13 | PASS 86 ]
> 
> proc.time()
   user  system elapsed 
  34.35    3.07   40.31 
